my_nrf24.c:38:6:NRF24_DelayMicroSeconds	24	static
my_nrf24.c:46:6:NRF24_csn	16	static
my_nrf24.c:52:6:NRF24_ce	16	static
my_nrf24.c:58:9:NRF24_read_register	24	static
my_nrf24.c:75:6:NRF24_read_registerN	24	static
my_nrf24.c:90:6:NRF24_write_register	24	static
my_nrf24.c:104:6:NRF24_write_registerN	24	static
my_nrf24.c:117:6:NRF24_write_payload	24	static
my_nrf24.c:130:6:NRF24_read_payload	24	static
my_nrf24.c:144:6:NRF24_flush_tx	8	static
my_nrf24.c:149:6:NRF24_flush_rx	8	static
my_nrf24.c:154:9:NRF24_get_status	16	static
my_nrf24.c:162:6:NRF24_begin	24	static
my_nrf24.c:235:6:NRF24_startListening	8	static
my_nrf24.c:252:6:NRF24_stopListening	8	static
my_nrf24.c:263:6:NRF24_write	32	static
my_nrf24.c:300:6:NRF24_available	8	static
my_nrf24.c:305:6:NRF24_read	24	static
my_nrf24.c:315:6:NRF24_openWritingPipe	24	static
my_nrf24.c:324:6:NRF24_openReadingPipe	24	static
my_nrf24.c:348:6:NRF24_setRetries	16	static
my_nrf24.c:354:6:NRF24_setChannel	24	static
my_nrf24.c:360:6:NRF24_setPayloadSize	24	static
my_nrf24.c:366:9:NRF24_getPayloadSize	4	static
my_nrf24.c:371:9:NRF24_getDynamicPayloadSize	8	static
my_nrf24.c:376:6:NRF24_enableAckPayload	8	static
my_nrf24.c:389:6:NRF24_enableDynamicPayloads	8	static
my_nrf24.c:403:6:NRF24_disableDynamicPayloads	8	static
my_nrf24.c:411:6:NRF24_isNRF_Plus	4	static
my_nrf24.c:416:6:NRF24_setAutoAck	16	static
my_nrf24.c:424:6:NRF24_setAutoAckPipe	24	static
my_nrf24.c:441:6:NRF24_setPALevel	24	static
my_nrf24.c:472:15:NRF24_getPALevel	16	static
my_nrf24.c:498:6:NRF24_setDataRate	24	static
my_nrf24.c:543:17:NRF24_getDataRate	16	static
my_nrf24.c:568:6:NRF24_setCRCLength	24	static
my_nrf24.c:589:18:NRF24_getCRCLength	16	static
my_nrf24.c:605:6:NRF24_disableCRC	16	static
my_nrf24.c:611:6:NRF24_powerUp	8	static
my_nrf24.c:616:6:NRF24_powerDown	8	static
my_nrf24.c:621:6:NRF24_availablePipe	24	static
my_nrf24.c:645:6:NRF24_startWrite	16	static
my_nrf24.c:662:6:NRF24_writeAckPayload	24	static
my_nrf24.c:673:6:NRF24_isAckPayloadAvailable	16	static
my_nrf24.c:680:6:NRF24_whatHappened	32	static
my_nrf24.c:691:6:NRF24_testCarrier	8	static
my_nrf24.c:696:6:NRF24_testRPD	8	static
my_nrf24.c:702:6:NRF24_resetStatus	8	static
my_nrf24.c:708:6:NRF24_ACTIVATE_cmd	16	static
my_nrf24.c:719:9:NRF24_GetAckPayloadSize	4	static
