stm32f1xx_it.c:78:6:NMI_Handler	4	static
stm32f1xx_it.c:91:6:HardFault_Handler	4	static
stm32f1xx_it.c:104:6:MemManage_Handler	4	static
stm32f1xx_it.c:117:6:BusFault_Handler	4	static
stm32f1xx_it.c:130:6:UsageFault_Handler	4	static
stm32f1xx_it.c:143:6:SVC_Handler	4	static
stm32f1xx_it.c:155:6:DebugMon_Handler	4	static
stm32f1xx_it.c:167:6:PendSV_Handler	4	static
stm32f1xx_it.c:179:6:SysTick_Handler	8	static
stm32f1xx_it.c:199:6:TIM2_IRQHandler	160	static
stm32f1xx_it.c:251:6:USART2_IRQHandler	8	static
